ghc-pkg: unregistering testpkg-2.0 would break the following packages: testpkg-3.0 (use --force to override)
ghc-pkg: dependency testpkg-2.0 doesn't exist (use --force to override)
