
mod147.hs:6:4: Not in scope: data constructor `D'
