
mod8.hs:2:9: The export item `module N' is not imported
