
rnfail026.hs:16:16:
    Kind mis-match
    Expected kind `* -> *', but `Set a' has kind `*'
    In the instance declaration for `Monad (forall a. (Eq a) => Set a)'

rnfail026.hs:19:0:
    Illegal polymorphic or qualified type: forall a. [a]
    In the instance declaration for `Eq (forall a. [a])'
