
rnfail024.hs:3:0:
    The type signature for `sig_without_a_defn'
      lacks an accompanying binding

rnfail024.hs:6:4: Not in scope: `sig_without_a_defn'
