
TH_dataD1.hs:8:13:
    Declaration splices are not permitted inside declaration brackets
