
Simple12.hs:8:0:
    Illegal polymorphic or qualified type: forall a. [a]
    In the type synonym instance declaration for `C'
