
SimpleFail13.hs:9:0:
    Illegal type synonym family application in instance: [C a]
    In the data type instance declaration for `D'

SimpleFail13.hs:13:0:
    Illegal type synonym family application in instance: [C a]
    In the type synonym instance declaration for `E'
