
SimpleFail2a.hs:11:10:
    Conflicting definitions for `Sd'
    Bound at: SimpleFail2a.hs:11:10-11
              SimpleFail2a.hs:12:10-11
