
T3330b.hs:14:10:
    Conflicting family instance declarations:
      type Res c a b -- Defined at T3330b.hs:14:10-12
      type Res [c] a b -- Defined at T3330b.hs:18:10-12
