
SimpleFail4.hs:8:8:
    Type indexes must match class instance head
    Found ‘Int’ but expected ‘a’
    In the type synonym instance default declaration for ‘S2’
    In the class declaration for ‘C2’
