True
True
target nothing: ok
True
True
target interpreted: ok
42
ok
