
Dep02.hs:4:1:
    Warning: In the use of `unsafeIOToST'
             (imported from Control.Monad.ST.Lazy):
             Deprecated: "Please import from Control.Monad.ST.Lazy.Unsafe instead; This will be removed in the next release"
