Left hClose: invalid argument (Bad file descriptor)
Right ()
Right ()
Right ()
