
tcfail125.hs:11:4:
    No instance for (Show a)
      arising from a use of `LiftObs'
    In the pattern: LiftObs _ _
    In an equation for `f': f (LiftObs _ _) = "yes"
