
tcfail167.hs:14:13:
    Couldn't match expected type `Float' against inferred type `Char'
    In the pattern: C2
    In the definition of `inaccessible': inaccessible C2 = ' '
