
tcfail092.hs:7:6: Duplicate binding in parallel list comprehension for: `a'
