
tcfail200.hs:5:14:
    Couldn't match kind `#' against `*'
    When matching the kinds of `GHC.Prim.Int# :: #' and `t :: *'
      Expected type: t
      Inferred type: GHC.Prim.Int#
    In the expression: 1#
