
tcfail146.hs:7:16:
    Class `SClass' used as a type
    In the definition of data constructor `SCon'
    In the data type declaration for `SData'
