
tcfail048.hs:3:7: Not in scope: type constructor or class `B'
