
readFail029.hs:1:13:
    Cannot parse LANGUAGE pragma
    Expecting comma-separated list of language options,
    each starting with a capital letter
      E.g. {-# LANGUAGE RecordPuns, Generics #-}
