
read003.hs:4:23:
    Occurs check: cannot construct the infinite type: t = (t, [a], t1)
      Expected type: (t, [a], t1)
      Inferred type: t
    In the expression: a
    In a pattern binding:
	~(a, b, c)
	    | nullity b = a
	    | nullity c = a
	    | otherwise = a
	    where
		nullity = null
