
read016.hs:7:0:
    Precedence parsing error
        cannot mix `|-' [infix 6] and `:' [infixr 5] in the same infix expression
