
on the commandline:
    Warning: -XRecursiveDo is deprecated: use -XDoRec or pragma {-# LANGUAGE DoRec #-} instead

T3263-2.hs:25:2:
    Warning: A do-notation statement discarded a result of type m Int.
             Suppress this warning by saying "_ <- return (return 10 :: m Int)",
             or by using the flag -fno-warn-wrong-do-bind

T3263-2.hs:37:2:
    Warning: A do-notation statement discarded a result of type m Int.
             Suppress this warning by saying "_ <- return (return 10 :: m Int)",
             or by using the flag -fno-warn-wrong-do-bind
